// Jest Snapshot v1, https://goo.gl/fbAQLP

exports[`snapshot:  renders same form each time 1`] = `
<DocumentFragment>
  <form>
    <label
      for="backgroundColor"
    >
      Color:
    </label>
    <input
      id="backgroundColor"
      name="backgroundColor"
      value=""
    />
    <label
      for="width"
    >
      Width:
    </label>
    <input
      id="width"
      name="width"
      type="number"
      value="0"
    />
    <label
      for="height"
    >
      Height:
    </label>
    <input
      id="height"
      name="height"
      type="number"
      value="0"
    />
    <button>
      Add a new box!
    </button>
  </form>
</DocumentFragment>
`;
